#-----------------------------------------------------------
# Vivado v2018.2 (64-bit)
# SW Build 2258646 on Thu Jun 14 20:03:12 MDT 2018
# IP Build 2256618 on Thu Jun 14 22:10:49 MDT 2018
# Start of session at: Wed Jun 14 15:51:55 2023
# Process ID: 9640
# Current directory: C:/Users/User/Desktop/Askisi_1a
# Command line: vivado.exe -gui_launcher_event rodinguilauncherevent5124 C:\Users\User\Desktop\Askisi_1a\Askisi_1a.xpr
# Log file: C:/Users/User/Desktop/Askisi_1a/vivado.log
# Journal file: C:/Users/User/Desktop/Askisi_1a\vivado.jou
#-----------------------------------------------------------
start_gui
open_project C:/Users/User/Desktop/Askisi_1a/Askisi_1a.xpr
update_compile_order -fileset sources_1
# Disabling source management mode.  This is to allow the top design properties to be set without GUI intervention.
set_property source_mgmt_mode None [current_project]
set_property top ask1_a [current_fileset]
# Re-enabling previously disabled source management mode.
set_property source_mgmt_mode All [current_project]
update_compile_order -fileset sources_1
synth_design -rtl -name rtl_1
# Disabling source management mode.  This is to allow the top design properties to be set without GUI intervention.
set_property source_mgmt_mode None [current_project]
set_property top ask1_b [current_fileset]
# Re-enabling previously disabled source management mode.
set_property source_mgmt_mode All [current_project]
update_compile_order -fileset sources_1
refresh_design
